goldenMasterTest[00] = -------- day 0 --------
goldenMasterTest[01] = name, sellIn, quality
goldenMasterTest[02] = +5 Dexterity Vest, 10, 20
goldenMasterTest[03] = Aged Brie, 2, 0
goldenMasterTest[04] = Elixir of the Mongoose, 5, 7
goldenMasterTest[05] = Sulfuras, Hand of Ragnaros, 0, 80
goldenMasterTest[06] = Sulfuras, Hand of Ragnaros, -1, 80
goldenMasterTest[07] = Backstage passes to a TAFKAL80ETC concert, 15, 20
goldenMasterTest[08] = Backstage passes to a TAFKAL80ETC concert, 10, 49
goldenMasterTest[09] = Backstage passes to a TAFKAL80ETC concert, 5, 49
goldenMasterTest[10] = Conjured Mana Cake, 3, 6
goldenMasterTest[11] = 
goldenMasterTest[12] = -------- day 1 --------
goldenMasterTest[13] = name, sellIn, quality
goldenMasterTest[14] = +5 Dexterity Vest, 9, 19
goldenMasterTest[15] = Aged Brie, 1, 1
goldenMasterTest[16] = Elixir of the Mongoose, 4, 6
goldenMasterTest[17] = Sulfuras, Hand of Ragnaros, 0, 80
goldenMasterTest[18] = Sulfuras, Hand of Ragnaros, -1, 80
goldenMasterTest[19] = Backstage passes to a TAFKAL80ETC concert, 14, 21
goldenMasterTest[20] = Backstage passes to a TAFKAL80ETC concert, 9, 50
goldenMasterTest[21] = Backstage passes to a TAFKAL80ETC concert, 4, 50
goldenMasterTest[22] = Conjured Mana Cake, 2, 5
goldenMasterTest[23] = 
