<table><tr><th colspan=3 align=left><b>Rentals for <b></th><th><em>test_customer</em></th></tr>
<tr><td> </td><td>test_title</td><td> </td><td>2.0</td></tr>
<tr><td> </td><td>test_title</td><td> </td><td>2.0</td></tr>
<tr><td> </td><td>test_title</td><td> </td><td>3.5</td></tr>
<tr><td> </td><td>test_title</td><td> </td><td>5.0</td></tr>
<tr><td> </td><td>test_title</td><td> </td><td>1.5</td></tr>
<tr><td> </td><td>test_title</td><td> </td><td>1.5</td></tr>
<tr><td> </td><td>test_title</td><td> </td><td>1.5</td></tr>
<tr><td> </td><td>test_title</td><td> </td><td>3.0</td></tr>
<tr><td> </td><td>test_title</td><td> </td><td>3.0</td></tr>
<tr><td> </td><td>test_title</td><td> </td><td>6.0</td></tr>
<tr><td> </td><td>test_title</td><td> </td><td>9.0</td></tr>
<tr><td> </td><td>test_title</td><td> </td><td>12.0</td></tr>
<tr><td> </td><td>test_title</td><td> </td><td>5.0</td></tr>
<tr><td> </td><td>test_title</td><td> </td><td>10.0</td></tr>
<tr><td> </td><td>test_title</td><td> </td><td>17.5</td></tr>
<tr><td> </td><td>test_title</td><td> </td><td>25.0</td></tr>
<tr><td colspan=4><b>Amount owed is <EM>107.5</b></td></tr>
<tr><td colspan=4><b>You earned <EM>65</EM> frequent renter points</b></td></tr></table>