MOD,10
MOD,NONE
MOD,NONE
MOD,18050301,KYUMOK KIM,CL2,010-9777-5455,19980906,ADV
MOD,18050302,KYUMOK KIM,CL2,010-9777-5455,19980906,ADV
MOD,18050303,KYUMOK KIM,CL2,010-9777-5455,19980906,ADV
MOD,18050304,KYUMOK KIM,CL2,010-9777-5455,19980906,PRO
MOD,18050305,KYUMOK KIM,CL2,010-9777-5455,19980906,PRO
MOD,9
MOD,02712462,UAFBOWU HONG,CL3,010-9054-6560,19780825,ADV
MOD,11
