Rental Record for TestCustomer
	REGULAR_5	6.5
Amount owed is 6.5
You earned 1 frequent renter points