<table><tr><th colspan=3 align=left><b>Rentals for <b></th><th><em>TestCustomer</em></th></tr>
<tr><td> </td><td>REGULAR_5</td><td> </td><td>6.5</td></tr>
<tr><td colspan=4><b>Amount owed is <EM>6.5</b></td></tr>
<tr><td colspan=4><b>You earned <EM>1</EM> frequent renter points</b></td></tr></table>