Rental Record for SuperCustomer
	NEW_RELEASE_1	3.0
	NEW_RELEASE_2	6.0
	NEW_RELEASE_3	9.0
	NEW_RELEASE_4	12.0
	NEW_RELEASE_5	15.0
	REGULAR_1	2.0
	REGULAR_2	2.0
	REGULAR_3	3.5
	REGULAR_4	5.0
	REGULAR_5	6.5
	CHILDREN_1	1.5
	CHILDREN_2	1.5
	CHILDREN_3	1.5
	CHILDREN_4	3.0
	CHILDREN_5	4.5
Amount owed is 76.0
You earned 19 frequent renter points