Rental Record for TestCustomer
	CHILDREN_1	1.5
Amount owed is 1.5
You earned 1 frequent renter points