Rental Record for TestCustomer
	REGULAR_3	3.5
Amount owed is 3.5
You earned 1 frequent renter points