Rental Record for TestCustomer
	CHILDREN_2	1.5
Amount owed is 1.5
You earned 1 frequent renter points