Rental Record for TestCustomer
	REGULAR_1	2.0
Amount owed is 2.0
You earned 1 frequent renter points