Rental Record for TestCustomer
	NEW_RELEASE_4	12.0
Amount owed is 12.0
You earned 2 frequent renter points