Rental Record for TestCustomer
	NEW_RELEASE_3	9.0
Amount owed is 9.0
You earned 2 frequent renter points