Rental Record for TestCustomer
	NEW_RELEASE_2	6.0
Amount owed is 6.0
You earned 2 frequent renter points