Rental Record for TestCustomer
	NEW_RELEASE_1	3.0
Amount owed is 3.0
You earned 1 frequent renter points