wrong command : wrong command : TEST, , , ,test,test
