SCH,10
SCH,NONE
SCH,02712462,UAFBOWU HONG,CL3,010-9054-6560,19780825,ADV
SCH,09752663,VWCGM OH,CL3,010-6288-1811,19860720,ADV
SCH,94526445,VLPDHI LEE,CL4,010-7975-9766,19721111,EX
SCH,NONE
SCH,NONE
SCH,NONE
SCH,99398134,JYFMBMT OH,CL4,010-5269-9657,19730321,ADV
SCH,NONE
SCH,02712462,UAFBOWU HONG,CL3,010-9054-6560,19780825,ADV
SCH,NONE
SCH,NONE
SCH,NONE
SCH,02712462,UAFBOWU HONG,CL3,010-9054-6560,19780825,ADV
SCH,03717863,NSESFBLRK KIM,CL3,010-4108-4007,19770502,EX
SCH,7
SCH,NONE
SCH,93728322,QSJYRB HONG,CL4,010-3602-4064,19690603,PRO
SCH,03249872,TYLNXWQN OH,CL3,010-7910-1669,19820828,PRO
DEL,NONE
SCH,03249872,TYLNXWQN OH,CL3,010-7910-1669,19820828,PRO
MOD,03717863,NSESFBLRK KIM,CL3,010-4108-4007,19770502,EX
DEL,NONE
SCH,94526445,VLPDHI LEE,CL4,010-7975-9766,19721111,EX
MOD,NONE
DEL,NONE
SCH,93728322,QSJYRB HONG,CL4,010-3602-4064,19690603,PRO
MOD,93728322,QSJYRB HONG,CL4,010-3602-4064,19690603,PRO
SCH,09752663,VWCGM OH,CL3,010-6288-1811,19860720,ADV
SCH,03249872,TYLNXWQN OH,CL3,010-7910-1669,19820828,PRO
SCH,09752663,VWCGM OH,CL3,010-6288-1811,19860720,ADV
SCH,09752664,GG LEE,CL3,010-4108-1811,19860720,ADV
SCH,NONE
SCH,NONE
DEL,NONE
SCH,94526445,VLPDHI LEE,CL4,010-7975-9766,19721111,EX
SCH,09752663,VWCGM OH,CL3,010-6288-1811,19860720,ADV
MOD,93728322,QSJYRB HONG,CL4,010-3602-4064,19690603,PRO
DEL,93728322,QSJYRB HONG,CL4,010-3602-4064,19690603,EX
SCH,02712462,UAFBOWU HONG,CL3,010-9054-6560,19780825,ADV
SCH,02712463,UAFBOWU HONG,CL3,010-9054-6560,19780825,PRO
SCH,02712464,UAFBOWU HONG,CL3,010-9054-6560,19780825,EX
SCH,02712465,UAFBOWU HONG,CL3,010-9054-6560,19780825,ADV
SCH,02712466,UAFBOWU HONG,CL3,010-9054-6560,19780825,PRO
MOD,09752663,VWCGM OH,CL3,010-6288-1811,19860720,ADV
MOD,09752664,GG LEE,CL3,010-4108-1811,19860720,ADV
SCH,6
SCH,5
SCH,8
SCH,7
SCH,5
SCH,4
SCH,1
DEL,NONE
DEL,02712462,UAFBOWU HONG,CL3,010-9054-6560,19780825,ADV
DEL,02712463,UAFBOWU HONG,CL3,010-9054-6560,19780825,PRO
DEL,02712464,UAFBOWU HONG,CL3,010-9054-6560,19780825,EX
DEL,02712465,UAFBOWU HONG,CL3,010-9054-6560,19780825,ADV
DEL,02712466,UAFBOWU HONG,CL3,010-9054-6560,19780825,PRO
DEL,NONE
SCH,NONE
SCH,NONE
SCH,NONE
SCH,6
SCH,NONE
SCH,NONE
SCH,2
