MOD,6
DEL,11
SCH,NONE
SCH,NONE
SCH,NONE
DEL,NONE
SCH,22
DEL,5
SCH,NONE
DEL,NONE
MOD,NONE
SCH,NONE
SCH,2
DEL,NONE
SCH,91761534,AZNQCVW KIM,CL1,010-4619-6000,19700825,PRO
SCH,93728440,TRLK KIM,CL1,010-1481-5313,19701111,PRO
SCH,94470950,XJO KIM,CL1,010-5474-1182,19670807,ADV
SCH,97754169,FKPBNM KIM,CL1,010-9534-4739,19740515,ADV
SCH,00072559,NUP KANG,CL3,010-6680-7743,19761013,ADV
DEL,NONE
MOD,NONE
SCH,NONE
SCH,24
DEL,NONE
SCH,10
SCH,NONE
SCH,91761534,AZNQCVW KIM,CL1,010-4619-6000,19700825,PRO
SCH,93728440,TRLK KIM,CL1,010-1481-5313,19701111,PRO
SCH,94470950,XJO KIM,CL1,010-5474-1182,19670807,ADV
SCH,97754169,FKPBNM KIM,CL1,010-9534-4739,19740515,ADV
SCH,15401757,YBVQO PARK,CL1,010-2012-5131,19920102,ADV
SCH,91761534,AZNQCVW KIM,CL1,010-4619-6000,19700825,PRO
SCH,93728440,TRLK KIM,CL1,010-1481-5313,19701111,PRO
SCH,94470950,XJO KIM,CL1,010-5474-1182,19670807,ADV
SCH,97754169,FKPBNM KIM,CL1,010-9534-4739,19740515,ADV
SCH,15401757,YBVQO PARK,CL1,010-2012-5131,19920102,ADV
SCH,91761534,AZNQCVW KIM,CL1,010-4619-6000,19700825,PRO
SCH,93728440,TRLK KIM,CL1,010-1481-5313,19701111,PRO
SCH,03298170,IHQM LEE,CL3,010-1242-3260,19820910,PRO
SCH,04818446,NFSBKIUSE CHO,CL3,010-1489-7041,19760307,PRO
SCH,05822143,IAF SEO,CL3,010-5951-5857,19771126,PRO
SCH,24
SCH,94470950,XJO KIM,CL1,010-5474-1182,19670807,ADV
SCH,97754169,FKPBNM KIM,CL1,010-9534-4739,19740515,ADV
SCH,00072559,NUP KANG,CL3,010-6680-7743,19761013,ADV
SCH,02755375,RKDQTS JANG,CL3,010-7593-3764,19740725,EX
SCH,03298170,IHQM LEE,CL3,010-1242-3260,19820910,PRO
SCH,NONE
SCH,NONE
SCH,97754169,FKPBNM KIM,CL1,010-9534-4739,19740515,ADV
SCH,08926021,BTJWPB CHOI,CL3,010-2449-4384,19850807,PRO
SCH,15653316,MLG KIM,CL1,010-3936-9889,19870915,ADV
MOD,1
SCH,14
MOD,NONE
DEL,6
SCH,NONE
SCH,8
SCH,NONE
DEL,NONE
MOD,NONE
MOD,NONE
