DEL,18050301,KYUMOK KIM,CL2,010-9777-6055,19880906,PRO
DEL,02712462,UAFBOWU HONG,CL3,010-9054-6560,19780825,ADV
DEL,19050302,KYUMOK LEE,CL3,010-9777-6056,19880906,EX
DEL,18050301,KYUMOK KIM,CL2,010-9777-6055,19880906,PRO
DEL,18050301,KYUMOK KIM,CL2,010-9777-6055,19880906,PRO
DEL,19050302,KYUMOK LEE,CL3,010-9777-6056,19880906,EX
SCH,1
SCH,18050301,KYUMOK KIM,CL2,010-9777-6055,19880906,PRO
SCH,NONE
SCH,2
SCH,18050301,KYUMOK KIM,CL2,010-9777-6055,19880906,PRO
SCH,19050302,KYUMOK LEE,CL3,010-9777-6056,19880906,EX
SCH,NONE
SCH,NONE
DEL,NONE
DEL,NONE
MOD,18050301,KYUMOK KIM,CL2,010-9777-6055,19880906,PRO
MOD,1
MOD,19050302,KYUMOK LEE,CL3,010-9777-6056,19880906,EX
DEL,18050301,KYUMOK CHOI,CL2,010-9777-5455,19880906,PRO
DEL,19050302,KYUMOK LEE,CL3,010-9777-6056,20000906,EX
DEL,20050303,KYUMOK PARK,CL4,010-9777-6057,19880908,PRO
DEL,21050304,KYUMOK CHOI,CL1,010-9777-6058,19880908,EX
MOD,1
SCH,18050301,KYUMOK KIM,CL2,010-9777-6055,19880906,EX
MOD,02712462,UAFBOWU HONG,CL3,010-9054-6560,19780825,ADV
SCH,02712462,UAFBOWU WHANG,CL3,010-9054-6560,19780825,ADV
MOD,02712462,UAFBOWU WHANG,CL3,010-9054-6560,19780825,ADV
SCH,02712462,UAFBOWU WHANG,CL2,010-9054-6560,19780825,ADV
MOD,02712462,UAFBOWU WHANG,CL2,010-9054-6560,19780825,ADV
SCH,02712462,UAFBOWU WHANG,CL2,010-9054-6560,19780825,EX
DEL,18050301,KYUMOK KIM,CL2,010-9777-6055,19880906,EX
DEL,19050302,KYUMOK LEE,CL3,010-9777-6056,19880906,EX
DEL,20050303,KYUMOK PARK,CL4,010-9777-6057,19880908,PRO
DEL,21050304,KYUMOK CHOI,CL1,010-9777-6058,19880908,EX
MOD,1
SCH,02712462,UAFBOWU WHANG,CL2,010-9054-6560,19780825,EX
SCH,18050301,KYUMOK KIM,CL2,010-9777-5455,19880906,PRO
SCH,19050302,KYUMOK LEE,CL3,010-9777-6056,19880906,EX
SCH,20050303,KYUMOK PARK,CL4,010-9777-6057,19880908,PRO
SCH,21050304,KYUMOK CHOI,CL1,010-9777-6058,19880908,EX
SCH,02712462,UAFBOWU WHANG,CL2,010-9054-6560,19780825,EX
SCH,18050301,KYUMOK KIM,CL2,010-9777-5455,19880906,PRO
SCH,21050304,KYUMOK CHOI,CL1,010-9777-6058,19880908,EX
SCH,02712462,UAFBOWU WHANG,CL2,010-9054-6560,19780825,EX
SCH,18050301,KYUMOK KIM,CL2,010-9777-5455,19880906,PRO
SCH,19050302,KYUMOK LEE,CL3,010-9777-6056,19880906,EX
SCH,20050303,KYUMOK PARK,CL4,010-9777-6057,19880908,PRO
SCH,21050304,KYUMOK CHOI,CL1,010-9777-6058,19880908,EX
SCH,NONE
SCH,02712462,UAFBOWU WHANG,CL2,010-9054-6560,19780825,EX
SCH,18050301,KYUMOK KIM,CL2,010-9777-5455,19880906,PRO
SCH,19050302,KYUMOK LEE,CL3,010-9777-6056,19880906,EX
SCH,20050303,KYUMOK PARK,CL4,010-9777-6057,19880908,PRO
SCH,21050304,KYUMOK CHOI,CL1,010-9777-6058,19880908,EX
SCH,18050301,KYUMOK KIM,CL2,010-9777-5455,19880906,PRO
SCH,4
MOD,18050301,KYUMOK KIM,CL2,010-9777-5455,19880906,PRO
SCH,18050301,KYUMOK HAN,CL2,010-9777-5455,19880906,PRO
MOD,2
SCH,18050301,KYUMOK HAN,CL2,010-9777-5455,19900606,PRO
SCH,20050303,KYUMOK PARK,CL4,010-9777-6057,19900606,PRO
DEL,18050308,KYUMOK KIM,CL3,010-9777-6055,19880906,PRO
DEL,5