DEL,99004327,KYUMOK KIM,CL1,010-1234-5758,19800321,EX
DEL,01000061,KYUMOK KIM,CL1,010-1234-5738,19800301,ADV
DEL,01000069,KYUMOK KIM,CL1,010-1234-5746,19800309,PRO
DEL,01000073,KYUMOK KIM,CL1,010-1234-5750,19800313,PRO
DEL,01000077,KYUMOK KIM,CL1,010-1234-5754,19800317,EX