+5 Dexterity Vest, 50, 20	Aged Brie, 20, 0	Elixir of the Mongoose, 15, 7	Sulfuras, Hand of Ragnaros, 0, 80	Sulfuras, Hand of Ragnaros, -1, 80	Backstage passes to a TAFKAL80ETC concert, 150, 20	Backstage passes to a TAFKAL80ETC concert, 100, 49	Backstage passes to a TAFKAL80ETC concert, 75, 49	Conjured Mana Cake, 3, 6
+5 Dexterity Vest, 49, 19	Aged Brie, 19, 1	Elixir of the Mongoose, 14, 6	Sulfuras, Hand of Ragnaros, 0, 80	Sulfuras, Hand of Ragnaros, -1, 80	Backstage passes to a TAFKAL80ETC concert, 149, 21	Backstage passes to a TAFKAL80ETC concert, 99, 50	Backstage passes to a TAFKAL80ETC concert, 74, 50	Conjured Mana Cake, 2, 5
+5 Dexterity Vest, 48, 18	Aged Brie, 18, 2	Elixir of the Mongoose, 13, 5	Sulfuras, Hand of Ragnaros, 0, 80	Sulfuras, Hand of Ragnaros, -1, 80	Backstage passes to a TAFKAL80ETC concert, 148, 22	Backstage passes to a TAFKAL80ETC concert, 98, 50	Backstage passes to a TAFKAL80ETC concert, 73, 50	Conjured Mana Cake, 1, 4
+5 Dexterity Vest, 47, 17	Aged Brie, 17, 3	Elixir of the Mongoose, 12, 4	Sulfuras, Hand of Ragnaros, 0, 80	Sulfuras, Hand of Ragnaros, -1, 80	Backstage passes to a TAFKAL80ETC concert, 147, 23	Backstage passes to a TAFKAL80ETC concert, 97, 50	Backstage passes to a TAFKAL80ETC concert, 72, 50	Conjured Mana Cake, 0, 3
+5 Dexterity Vest, 46, 16	Aged Brie, 16, 4	Elixir of the Mongoose, 11, 3	Sulfuras, Hand of Ragnaros, 0, 80	Sulfuras, Hand of Ragnaros, -1, 80	Backstage passes to a TAFKAL80ETC concert, 146, 24	Backstage passes to a TAFKAL80ETC concert, 96, 50	Backstage passes to a TAFKAL80ETC concert, 71, 50	Conjured Mana Cake, -1, 1
+5 Dexterity Vest, 45, 15	Aged Brie, 15, 5	Elixir of the Mongoose, 10, 2	Sulfuras, Hand of Ragnaros, 0, 80	Sulfuras, Hand of Ragnaros, -1, 80	Backstage passes to a TAFKAL80ETC concert, 145, 25	Backstage passes to a TAFKAL80ETC concert, 95, 50	Backstage passes to a TAFKAL80ETC concert, 70, 50	Conjured Mana Cake, -2, 0
+5 Dexterity Vest, 44, 14	Aged Brie, 14, 6	Elixir of the Mongoose, 9, 1	Sulfuras, Hand of Ragnaros, 0, 80	Sulfuras, Hand of Ragnaros, -1, 80	Backstage passes to a TAFKAL80ETC concert, 144, 26	Backstage passes to a TAFKAL80ETC concert, 94, 50	Backstage passes to a TAFKAL80ETC concert, 69, 50	Conjured Mana Cake, -3, 0
+5 Dexterity Vest, 43, 13	Aged Brie, 13, 7	Elixir of the Mongoose, 8, 0	Sulfuras, Hand of Ragnaros, 0, 80	Sulfuras, Hand of Ragnaros, -1, 80	Backstage passes to a TAFKAL80ETC concert, 143, 27	Backstage passes to a TAFKAL80ETC concert, 93, 50	Backstage passes to a TAFKAL80ETC concert, 68, 50	Conjured Mana Cake, -4, 0
+5 Dexterity Vest, 42, 12	Aged Brie, 12, 8	Elixir of the Mongoose, 7, 0	Sulfuras, Hand of Ragnaros, 0, 80	Sulfuras, Hand of Ragnaros, -1, 80	Backstage passes to a TAFKAL80ETC concert, 142, 28	Backstage passes to a TAFKAL80ETC concert, 92, 50	Backstage passes to a TAFKAL80ETC concert, 67, 50	Conjured Mana Cake, -5, 0
+5 Dexterity Vest, 41, 11	Aged Brie, 11, 9	Elixir of the Mongoose, 6, 0	Sulfuras, Hand of Ragnaros, 0, 80	Sulfuras, Hand of Ragnaros, -1, 80	Backstage passes to a TAFKAL80ETC concert, 141, 29	Backstage passes to a TAFKAL80ETC concert, 91, 50	Backstage passes to a TAFKAL80ETC concert, 66, 50	Conjured Mana Cake, -6, 0
+5 Dexterity Vest, 40, 10	Aged Brie, 10, 10	Elixir of the Mongoose, 5, 0	Sulfuras, Hand of Ragnaros, 0, 80	Sulfuras, Hand of Ragnaros, -1, 80	Backstage passes to a TAFKAL80ETC concert, 140, 30	Backstage passes to a TAFKAL80ETC concert, 90, 50	Backstage passes to a TAFKAL80ETC concert, 65, 50	Conjured Mana Cake, -7, 0
+5 Dexterity Vest, 39, 9	Aged Brie, 9, 11	Elixir of the Mongoose, 4, 0	Sulfuras, Hand of Ragnaros, 0, 80	Sulfuras, Hand of Ragnaros, -1, 80	Backstage passes to a TAFKAL80ETC concert, 139, 31	Backstage passes to a TAFKAL80ETC concert, 89, 50	Backstage passes to a TAFKAL80ETC concert, 64, 50	Conjured Mana Cake, -8, 0
+5 Dexterity Vest, 38, 8	Aged Brie, 8, 12	Elixir of the Mongoose, 3, 0	Sulfuras, Hand of Ragnaros, 0, 80	Sulfuras, Hand of Ragnaros, -1, 80	Backstage passes to a TAFKAL80ETC concert, 138, 32	Backstage passes to a TAFKAL80ETC concert, 88, 50	Backstage passes to a TAFKAL80ETC concert, 63, 50	Conjured Mana Cake, -9, 0
+5 Dexterity Vest, 37, 7	Aged Brie, 7, 13	Elixir of the Mongoose, 2, 0	Sulfuras, Hand of Ragnaros, 0, 80	Sulfuras, Hand of Ragnaros, -1, 80	Backstage passes to a TAFKAL80ETC concert, 137, 33	Backstage passes to a TAFKAL80ETC concert, 87, 50	Backstage passes to a TAFKAL80ETC concert, 62, 50	Conjured Mana Cake, -10, 0
+5 Dexterity Vest, 36, 6	Aged Brie, 6, 14	Elixir of the Mongoose, 1, 0	Sulfuras, Hand of Ragnaros, 0, 80	Sulfuras, Hand of Ragnaros, -1, 80	Backstage passes to a TAFKAL80ETC concert, 136, 34	Backstage passes to a TAFKAL80ETC concert, 86, 50	Backstage passes to a TAFKAL80ETC concert, 61, 50	Conjured Mana Cake, -11, 0
+5 Dexterity Vest, 35, 5	Aged Brie, 5, 15	Elixir of the Mongoose, 0, 0	Sulfuras, Hand of Ragnaros, 0, 80	Sulfuras, Hand of Ragnaros, -1, 80	Backstage passes to a TAFKAL80ETC concert, 135, 35	Backstage passes to a TAFKAL80ETC concert, 85, 50	Backstage passes to a TAFKAL80ETC concert, 60, 50	Conjured Mana Cake, -12, 0
+5 Dexterity Vest, 34, 4	Aged Brie, 4, 16	Elixir of the Mongoose, -1, 0	Sulfuras, Hand of Ragnaros, 0, 80	Sulfuras, Hand of Ragnaros, -1, 80	Backstage passes to a TAFKAL80ETC concert, 134, 36	Backstage passes to a TAFKAL80ETC concert, 84, 50	Backstage passes to a TAFKAL80ETC concert, 59, 50	Conjured Mana Cake, -13, 0
+5 Dexterity Vest, 33, 3	Aged Brie, 3, 17	Elixir of the Mongoose, -2, 0	Sulfuras, Hand of Ragnaros, 0, 80	Sulfuras, Hand of Ragnaros, -1, 80	Backstage passes to a TAFKAL80ETC concert, 133, 37	Backstage passes to a TAFKAL80ETC concert, 83, 50	Backstage passes to a TAFKAL80ETC concert, 58, 50	Conjured Mana Cake, -14, 0
+5 Dexterity Vest, 32, 2	Aged Brie, 2, 18	Elixir of the Mongoose, -3, 0	Sulfuras, Hand of Ragnaros, 0, 80	Sulfuras, Hand of Ragnaros, -1, 80	Backstage passes to a TAFKAL80ETC concert, 132, 38	Backstage passes to a TAFKAL80ETC concert, 82, 50	Backstage passes to a TAFKAL80ETC concert, 57, 50	Conjured Mana Cake, -15, 0
+5 Dexterity Vest, 31, 1	Aged Brie, 1, 19	Elixir of the Mongoose, -4, 0	Sulfuras, Hand of Ragnaros, 0, 80	Sulfuras, Hand of Ragnaros, -1, 80	Backstage passes to a TAFKAL80ETC concert, 131, 39	Backstage passes to a TAFKAL80ETC concert, 81, 50	Backstage passes to a TAFKAL80ETC concert, 56, 50	Conjured Mana Cake, -16, 0
+5 Dexterity Vest, 30, 0	Aged Brie, 0, 20	Elixir of the Mongoose, -5, 0	Sulfuras, Hand of Ragnaros, 0, 80	Sulfuras, Hand of Ragnaros, -1, 80	Backstage passes to a TAFKAL80ETC concert, 130, 40	Backstage passes to a TAFKAL80ETC concert, 80, 50	Backstage passes to a TAFKAL80ETC concert, 55, 50	Conjured Mana Cake, -17, 0
+5 Dexterity Vest, 29, 0	Aged Brie, -1, 22	Elixir of the Mongoose, -6, 0	Sulfuras, Hand of Ragnaros, 0, 80	Sulfuras, Hand of Ragnaros, -1, 80	Backstage passes to a TAFKAL80ETC concert, 129, 41	Backstage passes to a TAFKAL80ETC concert, 79, 50	Backstage passes to a TAFKAL80ETC concert, 54, 50	Conjured Mana Cake, -18, 0
+5 Dexterity Vest, 28, 0	Aged Brie, -2, 24	Elixir of the Mongoose, -7, 0	Sulfuras, Hand of Ragnaros, 0, 80	Sulfuras, Hand of Ragnaros, -1, 80	Backstage passes to a TAFKAL80ETC concert, 128, 42	Backstage passes to a TAFKAL80ETC concert, 78, 50	Backstage passes to a TAFKAL80ETC concert, 53, 50	Conjured Mana Cake, -19, 0
+5 Dexterity Vest, 27, 0	Aged Brie, -3, 26	Elixir of the Mongoose, -8, 0	Sulfuras, Hand of Ragnaros, 0, 80	Sulfuras, Hand of Ragnaros, -1, 80	Backstage passes to a TAFKAL80ETC concert, 127, 43	Backstage passes to a TAFKAL80ETC concert, 77, 50	Backstage passes to a TAFKAL80ETC concert, 52, 50	Conjured Mana Cake, -20, 0
+5 Dexterity Vest, 26, 0	Aged Brie, -4, 28	Elixir of the Mongoose, -9, 0	Sulfuras, Hand of Ragnaros, 0, 80	Sulfuras, Hand of Ragnaros, -1, 80	Backstage passes to a TAFKAL80ETC concert, 126, 44	Backstage passes to a TAFKAL80ETC concert, 76, 50	Backstage passes to a TAFKAL80ETC concert, 51, 50	Conjured Mana Cake, -21, 0
+5 Dexterity Vest, 25, 0	Aged Brie, -5, 30	Elixir of the Mongoose, -10, 0	Sulfuras, Hand of Ragnaros, 0, 80	Sulfuras, Hand of Ragnaros, -1, 80	Backstage passes to a TAFKAL80ETC concert, 125, 45	Backstage passes to a TAFKAL80ETC concert, 75, 50	Backstage passes to a TAFKAL80ETC concert, 50, 50	Conjured Mana Cake, -22, 0
+5 Dexterity Vest, 24, 0	Aged Brie, -6, 32	Elixir of the Mongoose, -11, 0	Sulfuras, Hand of Ragnaros, 0, 80	Sulfuras, Hand of Ragnaros, -1, 80	Backstage passes to a TAFKAL80ETC concert, 124, 46	Backstage passes to a TAFKAL80ETC concert, 74, 50	Backstage passes to a TAFKAL80ETC concert, 49, 50	Conjured Mana Cake, -23, 0
+5 Dexterity Vest, 23, 0	Aged Brie, -7, 34	Elixir of the Mongoose, -12, 0	Sulfuras, Hand of Ragnaros, 0, 80	Sulfuras, Hand of Ragnaros, -1, 80	Backstage passes to a TAFKAL80ETC concert, 123, 47	Backstage passes to a TAFKAL80ETC concert, 73, 50	Backstage passes to a TAFKAL80ETC concert, 48, 50	Conjured Mana Cake, -24, 0
+5 Dexterity Vest, 22, 0	Aged Brie, -8, 36	Elixir of the Mongoose, -13, 0	Sulfuras, Hand of Ragnaros, 0, 80	Sulfuras, Hand of Ragnaros, -1, 80	Backstage passes to a TAFKAL80ETC concert, 122, 48	Backstage passes to a TAFKAL80ETC concert, 72, 50	Backstage passes to a TAFKAL80ETC concert, 47, 50	Conjured Mana Cake, -25, 0
+5 Dexterity Vest, 21, 0	Aged Brie, -9, 38	Elixir of the Mongoose, -14, 0	Sulfuras, Hand of Ragnaros, 0, 80	Sulfuras, Hand of Ragnaros, -1, 80	Backstage passes to a TAFKAL80ETC concert, 121, 49	Backstage passes to a TAFKAL80ETC concert, 71, 50	Backstage passes to a TAFKAL80ETC concert, 46, 50	Conjured Mana Cake, -26, 0
+5 Dexterity Vest, 20, 0	Aged Brie, -10, 40	Elixir of the Mongoose, -15, 0	Sulfuras, Hand of Ragnaros, 0, 80	Sulfuras, Hand of Ragnaros, -1, 80	Backstage passes to a TAFKAL80ETC concert, 120, 50	Backstage passes to a TAFKAL80ETC concert, 70, 50	Backstage passes to a TAFKAL80ETC concert, 45, 50	Conjured Mana Cake, -27, 0
+5 Dexterity Vest, 19, 0	Aged Brie, -11, 42	Elixir of the Mongoose, -16, 0	Sulfuras, Hand of Ragnaros, 0, 80	Sulfuras, Hand of Ragnaros, -1, 80	Backstage passes to a TAFKAL80ETC concert, 119, 50	Backstage passes to a TAFKAL80ETC concert, 69, 50	Backstage passes to a TAFKAL80ETC concert, 44, 50	Conjured Mana Cake, -28, 0
+5 Dexterity Vest, 18, 0	Aged Brie, -12, 44	Elixir of the Mongoose, -17, 0	Sulfuras, Hand of Ragnaros, 0, 80	Sulfuras, Hand of Ragnaros, -1, 80	Backstage passes to a TAFKAL80ETC concert, 118, 50	Backstage passes to a TAFKAL80ETC concert, 68, 50	Backstage passes to a TAFKAL80ETC concert, 43, 50	Conjured Mana Cake, -29, 0
+5 Dexterity Vest, 17, 0	Aged Brie, -13, 46	Elixir of the Mongoose, -18, 0	Sulfuras, Hand of Ragnaros, 0, 80	Sulfuras, Hand of Ragnaros, -1, 80	Backstage passes to a TAFKAL80ETC concert, 117, 50	Backstage passes to a TAFKAL80ETC concert, 67, 50	Backstage passes to a TAFKAL80ETC concert, 42, 50	Conjured Mana Cake, -30, 0
+5 Dexterity Vest, 16, 0	Aged Brie, -14, 48	Elixir of the Mongoose, -19, 0	Sulfuras, Hand of Ragnaros, 0, 80	Sulfuras, Hand of Ragnaros, -1, 80	Backstage passes to a TAFKAL80ETC concert, 116, 50	Backstage passes to a TAFKAL80ETC concert, 66, 50	Backstage passes to a TAFKAL80ETC concert, 41, 50	Conjured Mana Cake, -31, 0
+5 Dexterity Vest, 15, 0	Aged Brie, -15, 50	Elixir of the Mongoose, -20, 0	Sulfuras, Hand of Ragnaros, 0, 80	Sulfuras, Hand of Ragnaros, -1, 80	Backstage passes to a TAFKAL80ETC concert, 115, 50	Backstage passes to a TAFKAL80ETC concert, 65, 50	Backstage passes to a TAFKAL80ETC concert, 40, 50	Conjured Mana Cake, -32, 0
+5 Dexterity Vest, 14, 0	Aged Brie, -16, 50	Elixir of the Mongoose, -21, 0	Sulfuras, Hand of Ragnaros, 0, 80	Sulfuras, Hand of Ragnaros, -1, 80	Backstage passes to a TAFKAL80ETC concert, 114, 50	Backstage passes to a TAFKAL80ETC concert, 64, 50	Backstage passes to a TAFKAL80ETC concert, 39, 50	Conjured Mana Cake, -33, 0
+5 Dexterity Vest, 13, 0	Aged Brie, -17, 50	Elixir of the Mongoose, -22, 0	Sulfuras, Hand of Ragnaros, 0, 80	Sulfuras, Hand of Ragnaros, -1, 80	Backstage passes to a TAFKAL80ETC concert, 113, 50	Backstage passes to a TAFKAL80ETC concert, 63, 50	Backstage passes to a TAFKAL80ETC concert, 38, 50	Conjured Mana Cake, -34, 0
+5 Dexterity Vest, 12, 0	Aged Brie, -18, 50	Elixir of the Mongoose, -23, 0	Sulfuras, Hand of Ragnaros, 0, 80	Sulfuras, Hand of Ragnaros, -1, 80	Backstage passes to a TAFKAL80ETC concert, 112, 50	Backstage passes to a TAFKAL80ETC concert, 62, 50	Backstage passes to a TAFKAL80ETC concert, 37, 50	Conjured Mana Cake, -35, 0
+5 Dexterity Vest, 11, 0	Aged Brie, -19, 50	Elixir of the Mongoose, -24, 0	Sulfuras, Hand of Ragnaros, 0, 80	Sulfuras, Hand of Ragnaros, -1, 80	Backstage passes to a TAFKAL80ETC concert, 111, 50	Backstage passes to a TAFKAL80ETC concert, 61, 50	Backstage passes to a TAFKAL80ETC concert, 36, 50	Conjured Mana Cake, -36, 0
+5 Dexterity Vest, 10, 0	Aged Brie, -20, 50	Elixir of the Mongoose, -25, 0	Sulfuras, Hand of Ragnaros, 0, 80	Sulfuras, Hand of Ragnaros, -1, 80	Backstage passes to a TAFKAL80ETC concert, 110, 50	Backstage passes to a TAFKAL80ETC concert, 60, 50	Backstage passes to a TAFKAL80ETC concert, 35, 50	Conjured Mana Cake, -37, 0
+5 Dexterity Vest, 9, 0	Aged Brie, -21, 50	Elixir of the Mongoose, -26, 0	Sulfuras, Hand of Ragnaros, 0, 80	Sulfuras, Hand of Ragnaros, -1, 80	Backstage passes to a TAFKAL80ETC concert, 109, 50	Backstage passes to a TAFKAL80ETC concert, 59, 50	Backstage passes to a TAFKAL80ETC concert, 34, 50	Conjured Mana Cake, -38, 0
+5 Dexterity Vest, 8, 0	Aged Brie, -22, 50	Elixir of the Mongoose, -27, 0	Sulfuras, Hand of Ragnaros, 0, 80	Sulfuras, Hand of Ragnaros, -1, 80	Backstage passes to a TAFKAL80ETC concert, 108, 50	Backstage passes to a TAFKAL80ETC concert, 58, 50	Backstage passes to a TAFKAL80ETC concert, 33, 50	Conjured Mana Cake, -39, 0
+5 Dexterity Vest, 7, 0	Aged Brie, -23, 50	Elixir of the Mongoose, -28, 0	Sulfuras, Hand of Ragnaros, 0, 80	Sulfuras, Hand of Ragnaros, -1, 80	Backstage passes to a TAFKAL80ETC concert, 107, 50	Backstage passes to a TAFKAL80ETC concert, 57, 50	Backstage passes to a TAFKAL80ETC concert, 32, 50	Conjured Mana Cake, -40, 0
+5 Dexterity Vest, 6, 0	Aged Brie, -24, 50	Elixir of the Mongoose, -29, 0	Sulfuras, Hand of Ragnaros, 0, 80	Sulfuras, Hand of Ragnaros, -1, 80	Backstage passes to a TAFKAL80ETC concert, 106, 50	Backstage passes to a TAFKAL80ETC concert, 56, 50	Backstage passes to a TAFKAL80ETC concert, 31, 50	Conjured Mana Cake, -41, 0
+5 Dexterity Vest, 5, 0	Aged Brie, -25, 50	Elixir of the Mongoose, -30, 0	Sulfuras, Hand of Ragnaros, 0, 80	Sulfuras, Hand of Ragnaros, -1, 80	Backstage passes to a TAFKAL80ETC concert, 105, 50	Backstage passes to a TAFKAL80ETC concert, 55, 50	Backstage passes to a TAFKAL80ETC concert, 30, 50	Conjured Mana Cake, -42, 0
+5 Dexterity Vest, 4, 0	Aged Brie, -26, 50	Elixir of the Mongoose, -31, 0	Sulfuras, Hand of Ragnaros, 0, 80	Sulfuras, Hand of Ragnaros, -1, 80	Backstage passes to a TAFKAL80ETC concert, 104, 50	Backstage passes to a TAFKAL80ETC concert, 54, 50	Backstage passes to a TAFKAL80ETC concert, 29, 50	Conjured Mana Cake, -43, 0
+5 Dexterity Vest, 3, 0	Aged Brie, -27, 50	Elixir of the Mongoose, -32, 0	Sulfuras, Hand of Ragnaros, 0, 80	Sulfuras, Hand of Ragnaros, -1, 80	Backstage passes to a TAFKAL80ETC concert, 103, 50	Backstage passes to a TAFKAL80ETC concert, 53, 50	Backstage passes to a TAFKAL80ETC concert, 28, 50	Conjured Mana Cake, -44, 0
+5 Dexterity Vest, 2, 0	Aged Brie, -28, 50	Elixir of the Mongoose, -33, 0	Sulfuras, Hand of Ragnaros, 0, 80	Sulfuras, Hand of Ragnaros, -1, 80	Backstage passes to a TAFKAL80ETC concert, 102, 50	Backstage passes to a TAFKAL80ETC concert, 52, 50	Backstage passes to a TAFKAL80ETC concert, 27, 50	Conjured Mana Cake, -45, 0
+5 Dexterity Vest, 1, 0	Aged Brie, -29, 50	Elixir of the Mongoose, -34, 0	Sulfuras, Hand of Ragnaros, 0, 80	Sulfuras, Hand of Ragnaros, -1, 80	Backstage passes to a TAFKAL80ETC concert, 101, 50	Backstage passes to a TAFKAL80ETC concert, 51, 50	Backstage passes to a TAFKAL80ETC concert, 26, 50	Conjured Mana Cake, -46, 0
+5 Dexterity Vest, 0, 0	Aged Brie, -30, 50	Elixir of the Mongoose, -35, 0	Sulfuras, Hand of Ragnaros, 0, 80	Sulfuras, Hand of Ragnaros, -1, 80	Backstage passes to a TAFKAL80ETC concert, 100, 50	Backstage passes to a TAFKAL80ETC concert, 50, 50	Backstage passes to a TAFKAL80ETC concert, 25, 50	Conjured Mana Cake, -47, 0
+5 Dexterity Vest, -1, 0	Aged Brie, -31, 50	Elixir of the Mongoose, -36, 0	Sulfuras, Hand of Ragnaros, 0, 80	Sulfuras, Hand of Ragnaros, -1, 80	Backstage passes to a TAFKAL80ETC concert, 99, 50	Backstage passes to a TAFKAL80ETC concert, 49, 50	Backstage passes to a TAFKAL80ETC concert, 24, 50	Conjured Mana Cake, -48, 0
+5 Dexterity Vest, -2, 0	Aged Brie, -32, 50	Elixir of the Mongoose, -37, 0	Sulfuras, Hand of Ragnaros, 0, 80	Sulfuras, Hand of Ragnaros, -1, 80	Backstage passes to a TAFKAL80ETC concert, 98, 50	Backstage passes to a TAFKAL80ETC concert, 48, 50	Backstage passes to a TAFKAL80ETC concert, 23, 50	Conjured Mana Cake, -49, 0
+5 Dexterity Vest, -3, 0	Aged Brie, -33, 50	Elixir of the Mongoose, -38, 0	Sulfuras, Hand of Ragnaros, 0, 80	Sulfuras, Hand of Ragnaros, -1, 80	Backstage passes to a TAFKAL80ETC concert, 97, 50	Backstage passes to a TAFKAL80ETC concert, 47, 50	Backstage passes to a TAFKAL80ETC concert, 22, 50	Conjured Mana Cake, -50, 0
+5 Dexterity Vest, -4, 0	Aged Brie, -34, 50	Elixir of the Mongoose, -39, 0	Sulfuras, Hand of Ragnaros, 0, 80	Sulfuras, Hand of Ragnaros, -1, 80	Backstage passes to a TAFKAL80ETC concert, 96, 50	Backstage passes to a TAFKAL80ETC concert, 46, 50	Backstage passes to a TAFKAL80ETC concert, 21, 50	Conjured Mana Cake, -51, 0
+5 Dexterity Vest, -5, 0	Aged Brie, -35, 50	Elixir of the Mongoose, -40, 0	Sulfuras, Hand of Ragnaros, 0, 80	Sulfuras, Hand of Ragnaros, -1, 80	Backstage passes to a TAFKAL80ETC concert, 95, 50	Backstage passes to a TAFKAL80ETC concert, 45, 50	Backstage passes to a TAFKAL80ETC concert, 20, 50	Conjured Mana Cake, -52, 0
+5 Dexterity Vest, -6, 0	Aged Brie, -36, 50	Elixir of the Mongoose, -41, 0	Sulfuras, Hand of Ragnaros, 0, 80	Sulfuras, Hand of Ragnaros, -1, 80	Backstage passes to a TAFKAL80ETC concert, 94, 50	Backstage passes to a TAFKAL80ETC concert, 44, 50	Backstage passes to a TAFKAL80ETC concert, 19, 50	Conjured Mana Cake, -53, 0
+5 Dexterity Vest, -7, 0	Aged Brie, -37, 50	Elixir of the Mongoose, -42, 0	Sulfuras, Hand of Ragnaros, 0, 80	Sulfuras, Hand of Ragnaros, -1, 80	Backstage passes to a TAFKAL80ETC concert, 93, 50	Backstage passes to a TAFKAL80ETC concert, 43, 50	Backstage passes to a TAFKAL80ETC concert, 18, 50	Conjured Mana Cake, -54, 0
+5 Dexterity Vest, -8, 0	Aged Brie, -38, 50	Elixir of the Mongoose, -43, 0	Sulfuras, Hand of Ragnaros, 0, 80	Sulfuras, Hand of Ragnaros, -1, 80	Backstage passes to a TAFKAL80ETC concert, 92, 50	Backstage passes to a TAFKAL80ETC concert, 42, 50	Backstage passes to a TAFKAL80ETC concert, 17, 50	Conjured Mana Cake, -55, 0
+5 Dexterity Vest, -9, 0	Aged Brie, -39, 50	Elixir of the Mongoose, -44, 0	Sulfuras, Hand of Ragnaros, 0, 80	Sulfuras, Hand of Ragnaros, -1, 80	Backstage passes to a TAFKAL80ETC concert, 91, 50	Backstage passes to a TAFKAL80ETC concert, 41, 50	Backstage passes to a TAFKAL80ETC concert, 16, 50	Conjured Mana Cake, -56, 0
+5 Dexterity Vest, -10, 0	Aged Brie, -40, 50	Elixir of the Mongoose, -45, 0	Sulfuras, Hand of Ragnaros, 0, 80	Sulfuras, Hand of Ragnaros, -1, 80	Backstage passes to a TAFKAL80ETC concert, 90, 50	Backstage passes to a TAFKAL80ETC concert, 40, 50	Backstage passes to a TAFKAL80ETC concert, 15, 50	Conjured Mana Cake, -57, 0
+5 Dexterity Vest, -11, 0	Aged Brie, -41, 50	Elixir of the Mongoose, -46, 0	Sulfuras, Hand of Ragnaros, 0, 80	Sulfuras, Hand of Ragnaros, -1, 80	Backstage passes to a TAFKAL80ETC concert, 89, 50	Backstage passes to a TAFKAL80ETC concert, 39, 50	Backstage passes to a TAFKAL80ETC concert, 14, 50	Conjured Mana Cake, -58, 0
+5 Dexterity Vest, -12, 0	Aged Brie, -42, 50	Elixir of the Mongoose, -47, 0	Sulfuras, Hand of Ragnaros, 0, 80	Sulfuras, Hand of Ragnaros, -1, 80	Backstage passes to a TAFKAL80ETC concert, 88, 50	Backstage passes to a TAFKAL80ETC concert, 38, 50	Backstage passes to a TAFKAL80ETC concert, 13, 50	Conjured Mana Cake, -59, 0
+5 Dexterity Vest, -13, 0	Aged Brie, -43, 50	Elixir of the Mongoose, -48, 0	Sulfuras, Hand of Ragnaros, 0, 80	Sulfuras, Hand of Ragnaros, -1, 80	Backstage passes to a TAFKAL80ETC concert, 87, 50	Backstage passes to a TAFKAL80ETC concert, 37, 50	Backstage passes to a TAFKAL80ETC concert, 12, 50	Conjured Mana Cake, -60, 0
+5 Dexterity Vest, -14, 0	Aged Brie, -44, 50	Elixir of the Mongoose, -49, 0	Sulfuras, Hand of Ragnaros, 0, 80	Sulfuras, Hand of Ragnaros, -1, 80	Backstage passes to a TAFKAL80ETC concert, 86, 50	Backstage passes to a TAFKAL80ETC concert, 36, 50	Backstage passes to a TAFKAL80ETC concert, 11, 50	Conjured Mana Cake, -61, 0
+5 Dexterity Vest, -15, 0	Aged Brie, -45, 50	Elixir of the Mongoose, -50, 0	Sulfuras, Hand of Ragnaros, 0, 80	Sulfuras, Hand of Ragnaros, -1, 80	Backstage passes to a TAFKAL80ETC concert, 85, 50	Backstage passes to a TAFKAL80ETC concert, 35, 50	Backstage passes to a TAFKAL80ETC concert, 10, 50	Conjured Mana Cake, -62, 0
+5 Dexterity Vest, -16, 0	Aged Brie, -46, 50	Elixir of the Mongoose, -51, 0	Sulfuras, Hand of Ragnaros, 0, 80	Sulfuras, Hand of Ragnaros, -1, 80	Backstage passes to a TAFKAL80ETC concert, 84, 50	Backstage passes to a TAFKAL80ETC concert, 34, 50	Backstage passes to a TAFKAL80ETC concert, 9, 50	Conjured Mana Cake, -63, 0
+5 Dexterity Vest, -17, 0	Aged Brie, -47, 50	Elixir of the Mongoose, -52, 0	Sulfuras, Hand of Ragnaros, 0, 80	Sulfuras, Hand of Ragnaros, -1, 80	Backstage passes to a TAFKAL80ETC concert, 83, 50	Backstage passes to a TAFKAL80ETC concert, 33, 50	Backstage passes to a TAFKAL80ETC concert, 8, 50	Conjured Mana Cake, -64, 0
+5 Dexterity Vest, -18, 0	Aged Brie, -48, 50	Elixir of the Mongoose, -53, 0	Sulfuras, Hand of Ragnaros, 0, 80	Sulfuras, Hand of Ragnaros, -1, 80	Backstage passes to a TAFKAL80ETC concert, 82, 50	Backstage passes to a TAFKAL80ETC concert, 32, 50	Backstage passes to a TAFKAL80ETC concert, 7, 50	Conjured Mana Cake, -65, 0
+5 Dexterity Vest, -19, 0	Aged Brie, -49, 50	Elixir of the Mongoose, -54, 0	Sulfuras, Hand of Ragnaros, 0, 80	Sulfuras, Hand of Ragnaros, -1, 80	Backstage passes to a TAFKAL80ETC concert, 81, 50	Backstage passes to a TAFKAL80ETC concert, 31, 50	Backstage passes to a TAFKAL80ETC concert, 6, 50	Conjured Mana Cake, -66, 0
+5 Dexterity Vest, -20, 0	Aged Brie, -50, 50	Elixir of the Mongoose, -55, 0	Sulfuras, Hand of Ragnaros, 0, 80	Sulfuras, Hand of Ragnaros, -1, 80	Backstage passes to a TAFKAL80ETC concert, 80, 50	Backstage passes to a TAFKAL80ETC concert, 30, 50	Backstage passes to a TAFKAL80ETC concert, 5, 50	Conjured Mana Cake, -67, 0
+5 Dexterity Vest, -21, 0	Aged Brie, -51, 50	Elixir of the Mongoose, -56, 0	Sulfuras, Hand of Ragnaros, 0, 80	Sulfuras, Hand of Ragnaros, -1, 80	Backstage passes to a TAFKAL80ETC concert, 79, 50	Backstage passes to a TAFKAL80ETC concert, 29, 50	Backstage passes to a TAFKAL80ETC concert, 4, 50	Conjured Mana Cake, -68, 0
+5 Dexterity Vest, -22, 0	Aged Brie, -52, 50	Elixir of the Mongoose, -57, 0	Sulfuras, Hand of Ragnaros, 0, 80	Sulfuras, Hand of Ragnaros, -1, 80	Backstage passes to a TAFKAL80ETC concert, 78, 50	Backstage passes to a TAFKAL80ETC concert, 28, 50	Backstage passes to a TAFKAL80ETC concert, 3, 50	Conjured Mana Cake, -69, 0
+5 Dexterity Vest, -23, 0	Aged Brie, -53, 50	Elixir of the Mongoose, -58, 0	Sulfuras, Hand of Ragnaros, 0, 80	Sulfuras, Hand of Ragnaros, -1, 80	Backstage passes to a TAFKAL80ETC concert, 77, 50	Backstage passes to a TAFKAL80ETC concert, 27, 50	Backstage passes to a TAFKAL80ETC concert, 2, 50	Conjured Mana Cake, -70, 0
+5 Dexterity Vest, -24, 0	Aged Brie, -54, 50	Elixir of the Mongoose, -59, 0	Sulfuras, Hand of Ragnaros, 0, 80	Sulfuras, Hand of Ragnaros, -1, 80	Backstage passes to a TAFKAL80ETC concert, 76, 50	Backstage passes to a TAFKAL80ETC concert, 26, 50	Backstage passes to a TAFKAL80ETC concert, 1, 50	Conjured Mana Cake, -71, 0
+5 Dexterity Vest, -25, 0	Aged Brie, -55, 50	Elixir of the Mongoose, -60, 0	Sulfuras, Hand of Ragnaros, 0, 80	Sulfuras, Hand of Ragnaros, -1, 80	Backstage passes to a TAFKAL80ETC concert, 75, 50	Backstage passes to a TAFKAL80ETC concert, 25, 50	Backstage passes to a TAFKAL80ETC concert, 0, 50	Conjured Mana Cake, -72, 0
+5 Dexterity Vest, -26, 0	Aged Brie, -56, 50	Elixir of the Mongoose, -61, 0	Sulfuras, Hand of Ragnaros, 0, 80	Sulfuras, Hand of Ragnaros, -1, 80	Backstage passes to a TAFKAL80ETC concert, 74, 50	Backstage passes to a TAFKAL80ETC concert, 24, 50	Backstage passes to a TAFKAL80ETC concert, -1, 0	Conjured Mana Cake, -73, 0
+5 Dexterity Vest, -27, 0	Aged Brie, -57, 50	Elixir of the Mongoose, -62, 0	Sulfuras, Hand of Ragnaros, 0, 80	Sulfuras, Hand of Ragnaros, -1, 80	Backstage passes to a TAFKAL80ETC concert, 73, 50	Backstage passes to a TAFKAL80ETC concert, 23, 50	Backstage passes to a TAFKAL80ETC concert, -2, 0	Conjured Mana Cake, -74, 0
+5 Dexterity Vest, -28, 0	Aged Brie, -58, 50	Elixir of the Mongoose, -63, 0	Sulfuras, Hand of Ragnaros, 0, 80	Sulfuras, Hand of Ragnaros, -1, 80	Backstage passes to a TAFKAL80ETC concert, 72, 50	Backstage passes to a TAFKAL80ETC concert, 22, 50	Backstage passes to a TAFKAL80ETC concert, -3, 0	Conjured Mana Cake, -75, 0
+5 Dexterity Vest, -29, 0	Aged Brie, -59, 50	Elixir of the Mongoose, -64, 0	Sulfuras, Hand of Ragnaros, 0, 80	Sulfuras, Hand of Ragnaros, -1, 80	Backstage passes to a TAFKAL80ETC concert, 71, 50	Backstage passes to a TAFKAL80ETC concert, 21, 50	Backstage passes to a TAFKAL80ETC concert, -4, 0	Conjured Mana Cake, -76, 0
+5 Dexterity Vest, -30, 0	Aged Brie, -60, 50	Elixir of the Mongoose, -65, 0	Sulfuras, Hand of Ragnaros, 0, 80	Sulfuras, Hand of Ragnaros, -1, 80	Backstage passes to a TAFKAL80ETC concert, 70, 50	Backstage passes to a TAFKAL80ETC concert, 20, 50	Backstage passes to a TAFKAL80ETC concert, -5, 0	Conjured Mana Cake, -77, 0
+5 Dexterity Vest, -31, 0	Aged Brie, -61, 50	Elixir of the Mongoose, -66, 0	Sulfuras, Hand of Ragnaros, 0, 80	Sulfuras, Hand of Ragnaros, -1, 80	Backstage passes to a TAFKAL80ETC concert, 69, 50	Backstage passes to a TAFKAL80ETC concert, 19, 50	Backstage passes to a TAFKAL80ETC concert, -6, 0	Conjured Mana Cake, -78, 0
+5 Dexterity Vest, -32, 0	Aged Brie, -62, 50	Elixir of the Mongoose, -67, 0	Sulfuras, Hand of Ragnaros, 0, 80	Sulfuras, Hand of Ragnaros, -1, 80	Backstage passes to a TAFKAL80ETC concert, 68, 50	Backstage passes to a TAFKAL80ETC concert, 18, 50	Backstage passes to a TAFKAL80ETC concert, -7, 0	Conjured Mana Cake, -79, 0
+5 Dexterity Vest, -33, 0	Aged Brie, -63, 50	Elixir of the Mongoose, -68, 0	Sulfuras, Hand of Ragnaros, 0, 80	Sulfuras, Hand of Ragnaros, -1, 80	Backstage passes to a TAFKAL80ETC concert, 67, 50	Backstage passes to a TAFKAL80ETC concert, 17, 50	Backstage passes to a TAFKAL80ETC concert, -8, 0	Conjured Mana Cake, -80, 0
+5 Dexterity Vest, -34, 0	Aged Brie, -64, 50	Elixir of the Mongoose, -69, 0	Sulfuras, Hand of Ragnaros, 0, 80	Sulfuras, Hand of Ragnaros, -1, 80	Backstage passes to a TAFKAL80ETC concert, 66, 50	Backstage passes to a TAFKAL80ETC concert, 16, 50	Backstage passes to a TAFKAL80ETC concert, -9, 0	Conjured Mana Cake, -81, 0
+5 Dexterity Vest, -35, 0	Aged Brie, -65, 50	Elixir of the Mongoose, -70, 0	Sulfuras, Hand of Ragnaros, 0, 80	Sulfuras, Hand of Ragnaros, -1, 80	Backstage passes to a TAFKAL80ETC concert, 65, 50	Backstage passes to a TAFKAL80ETC concert, 15, 50	Backstage passes to a TAFKAL80ETC concert, -10, 0	Conjured Mana Cake, -82, 0
+5 Dexterity Vest, -36, 0	Aged Brie, -66, 50	Elixir of the Mongoose, -71, 0	Sulfuras, Hand of Ragnaros, 0, 80	Sulfuras, Hand of Ragnaros, -1, 80	Backstage passes to a TAFKAL80ETC concert, 64, 50	Backstage passes to a TAFKAL80ETC concert, 14, 50	Backstage passes to a TAFKAL80ETC concert, -11, 0	Conjured Mana Cake, -83, 0
+5 Dexterity Vest, -37, 0	Aged Brie, -67, 50	Elixir of the Mongoose, -72, 0	Sulfuras, Hand of Ragnaros, 0, 80	Sulfuras, Hand of Ragnaros, -1, 80	Backstage passes to a TAFKAL80ETC concert, 63, 50	Backstage passes to a TAFKAL80ETC concert, 13, 50	Backstage passes to a TAFKAL80ETC concert, -12, 0	Conjured Mana Cake, -84, 0
+5 Dexterity Vest, -38, 0	Aged Brie, -68, 50	Elixir of the Mongoose, -73, 0	Sulfuras, Hand of Ragnaros, 0, 80	Sulfuras, Hand of Ragnaros, -1, 80	Backstage passes to a TAFKAL80ETC concert, 62, 50	Backstage passes to a TAFKAL80ETC concert, 12, 50	Backstage passes to a TAFKAL80ETC concert, -13, 0	Conjured Mana Cake, -85, 0
+5 Dexterity Vest, -39, 0	Aged Brie, -69, 50	Elixir of the Mongoose, -74, 0	Sulfuras, Hand of Ragnaros, 0, 80	Sulfuras, Hand of Ragnaros, -1, 80	Backstage passes to a TAFKAL80ETC concert, 61, 50	Backstage passes to a TAFKAL80ETC concert, 11, 50	Backstage passes to a TAFKAL80ETC concert, -14, 0	Conjured Mana Cake, -86, 0
+5 Dexterity Vest, -40, 0	Aged Brie, -70, 50	Elixir of the Mongoose, -75, 0	Sulfuras, Hand of Ragnaros, 0, 80	Sulfuras, Hand of Ragnaros, -1, 80	Backstage passes to a TAFKAL80ETC concert, 60, 50	Backstage passes to a TAFKAL80ETC concert, 10, 50	Backstage passes to a TAFKAL80ETC concert, -15, 0	Conjured Mana Cake, -87, 0
+5 Dexterity Vest, -41, 0	Aged Brie, -71, 50	Elixir of the Mongoose, -76, 0	Sulfuras, Hand of Ragnaros, 0, 80	Sulfuras, Hand of Ragnaros, -1, 80	Backstage passes to a TAFKAL80ETC concert, 59, 50	Backstage passes to a TAFKAL80ETC concert, 9, 50	Backstage passes to a TAFKAL80ETC concert, -16, 0	Conjured Mana Cake, -88, 0
+5 Dexterity Vest, -42, 0	Aged Brie, -72, 50	Elixir of the Mongoose, -77, 0	Sulfuras, Hand of Ragnaros, 0, 80	Sulfuras, Hand of Ragnaros, -1, 80	Backstage passes to a TAFKAL80ETC concert, 58, 50	Backstage passes to a TAFKAL80ETC concert, 8, 50	Backstage passes to a TAFKAL80ETC concert, -17, 0	Conjured Mana Cake, -89, 0
+5 Dexterity Vest, -43, 0	Aged Brie, -73, 50	Elixir of the Mongoose, -78, 0	Sulfuras, Hand of Ragnaros, 0, 80	Sulfuras, Hand of Ragnaros, -1, 80	Backstage passes to a TAFKAL80ETC concert, 57, 50	Backstage passes to a TAFKAL80ETC concert, 7, 50	Backstage passes to a TAFKAL80ETC concert, -18, 0	Conjured Mana Cake, -90, 0
+5 Dexterity Vest, -44, 0	Aged Brie, -74, 50	Elixir of the Mongoose, -79, 0	Sulfuras, Hand of Ragnaros, 0, 80	Sulfuras, Hand of Ragnaros, -1, 80	Backstage passes to a TAFKAL80ETC concert, 56, 50	Backstage passes to a TAFKAL80ETC concert, 6, 50	Backstage passes to a TAFKAL80ETC concert, -19, 0	Conjured Mana Cake, -91, 0
+5 Dexterity Vest, -45, 0	Aged Brie, -75, 50	Elixir of the Mongoose, -80, 0	Sulfuras, Hand of Ragnaros, 0, 80	Sulfuras, Hand of Ragnaros, -1, 80	Backstage passes to a TAFKAL80ETC concert, 55, 50	Backstage passes to a TAFKAL80ETC concert, 5, 50	Backstage passes to a TAFKAL80ETC concert, -20, 0	Conjured Mana Cake, -92, 0
+5 Dexterity Vest, -46, 0	Aged Brie, -76, 50	Elixir of the Mongoose, -81, 0	Sulfuras, Hand of Ragnaros, 0, 80	Sulfuras, Hand of Ragnaros, -1, 80	Backstage passes to a TAFKAL80ETC concert, 54, 50	Backstage passes to a TAFKAL80ETC concert, 4, 50	Backstage passes to a TAFKAL80ETC concert, -21, 0	Conjured Mana Cake, -93, 0
+5 Dexterity Vest, -47, 0	Aged Brie, -77, 50	Elixir of the Mongoose, -82, 0	Sulfuras, Hand of Ragnaros, 0, 80	Sulfuras, Hand of Ragnaros, -1, 80	Backstage passes to a TAFKAL80ETC concert, 53, 50	Backstage passes to a TAFKAL80ETC concert, 3, 50	Backstage passes to a TAFKAL80ETC concert, -22, 0	Conjured Mana Cake, -94, 0
+5 Dexterity Vest, -48, 0	Aged Brie, -78, 50	Elixir of the Mongoose, -83, 0	Sulfuras, Hand of Ragnaros, 0, 80	Sulfuras, Hand of Ragnaros, -1, 80	Backstage passes to a TAFKAL80ETC concert, 52, 50	Backstage passes to a TAFKAL80ETC concert, 2, 50	Backstage passes to a TAFKAL80ETC concert, -23, 0	Conjured Mana Cake, -95, 0
+5 Dexterity Vest, -49, 0	Aged Brie, -79, 50	Elixir of the Mongoose, -84, 0	Sulfuras, Hand of Ragnaros, 0, 80	Sulfuras, Hand of Ragnaros, -1, 80	Backstage passes to a TAFKAL80ETC concert, 51, 50	Backstage passes to a TAFKAL80ETC concert, 1, 50	Backstage passes to a TAFKAL80ETC concert, -24, 0	Conjured Mana Cake, -96, 0
