SCH,90000001,AAAAAA AAA,CL2,010-1111-1112,19980102,ADV
SCH,91000000,AAAAAAA AAA,CL2,010-1111-1113,19980103,ADV
SCH,91000001,AAAAA BBB,CL2,010-1111-1114,19980104,ADV
SCH,92000000,AAAAA CCC,CL2,010-1111-1115,19980105,ADV
SCH,92050301,AAAAA DDD,CL2,010-1111-1116,19980106,ADV
DEL,NONE
SCH,90000001,AAAAAA AAA,CL2,010-1111-1112,19980102,ADV
SCH,91000000,AAAAAAA AAA,CL2,010-1111-1113,19980103,ADV
SCH,91000001,AAAAA BBB,CL2,010-1111-1114,19980104,ADV
SCH,92000000,AAAAA CCC,CL2,010-1111-1115,19980105,ADV
SCH,92050301,AAAAA DDD,CL2,010-1111-1116,19980106,ADV
SCH,90000000,FIRST MAN,CL2,010-1111-1111,19980101,ADV
SCH,90000001,AAAAAA AAA,CL2,010-1111-1112,19980102,ADV
SCH,91000000,AAAAAAA AAA,CL2,010-1111-1113,19980103,ADV
SCH,91000001,AAAAA BBB,CL2,010-1111-1114,19980104,ADV
SCH,92000000,AAAAA CCC,CL2,010-1111-1115,19980105,ADV
