MOD,38
SCH,90000000,Modified Pro,CL2,010-1111-1111,19980101,ADV
SCH,90000001,Modified Pro,CL2,010-1111-1112,19980102,ADV
SCH,91000000,Modified Pro,CL2,010-1111-1113,19980103,ADV
SCH,91000001,Modified Pro,CL2,010-1111-1114,19980104,ADV
SCH,92000000,Modified Pro,CL2,010-1111-1115,19980105,ADV
