SCH,02712462,UAFBOWU HONG,CL3,010-9054-6560,19780825,ADV
SCH,03249872,TYLNXWQN OH,CL3,010-7910-1669,19820828,ADV
MOD,94526445,VLPDHI LEE,CL4,010-7975-9766,19721111,ADV
SCH,5
SCH,09752663,VWCGM OH,CL3,010-6288-1811,19860720,ADV
MOD,03249872,TYLNXWQN OH,CL3,010-7910-1669,19820828,ADV
SCH,94526445,XYZXYZ LEE,CL4,010-7975-9766,19721111,ADV
MOD,93728322,QSJYRB HONG,CL4,010-3602-4064,19690603,ADV
SCH,3
SCH,03249872,TYLNXWQN OH,CL3,010-1669-7910,19820828,ADV
SCH,03456789,ZXCV KIM,CL3,010-4567-4567,19860404,PRO
SCH,03717863,NSESFBLRK KIM,CL3,010-4108-4007,19770502,ADV
SCH,04567890,HJKL CHOI,CL3,010-6789-6789,19840606,PRO
SCH,05678901,QWER OH,CL3,010-2345-2345,19830808,PRO
wrong command : MOD,-p,,,employeeNum,93728322,employeeNum,03728322
SCH,93728322,QSJYRB HONG,CL4,010-3602-4064,19900603,ADV
SCH,02712462,UAFBOWU HONG,CL3,010-9054-6560,19780825,ADV
SCH,93728322,QSJYRB HONG,CL4,010-3602-4064,19900603,ADV
MOD,94526445,XYZXYZ LEE,CL4,010-7975-9766,19721111,ADV
SCH,93456789,VCXZ PARK,CL4,010-7654-7654,19810303,EX
SCH,94526445,XYZXYZ LEE,CL4,010-7975-9766,19721111,EX
SCH,94567890,LKJH CHOI,CL4,010-6543-6543,19820404,EX
MOD,94526445,XYZXYZ LEE,CL4,010-7975-9766,19721111,EX
MOD,02712462,UAFBOWU HONG,CL3,010-9054-6560,19780825,ADV
SCH,94526445,XYZXYZ LEE,CL4,010-7975-9766,19721111,PRO
SCH,02712462,UAFBOWU HONG,CL3,010-9054-6560,19780825,PRO
SCH,93728322,QSJYRB HONG,CL4,010-3602-4064,19900603,ADV
SCH,2
MOD,94526445,XYZXYZ LEE,CL4,010-7975-9766,19721111,PRO
MOD,99398134,JYFMBMT OH,CL4,010-5269-9657,19730321,ADV
MOD,02712462,UAFBOWU HONG,CL3,010-9054-6560,19780825,PRO
MOD,03717863,NSESFBLRK KIM,CL3,010-4108-4007,19770502,ADV
SCH,5
SCH,90123456,FDSA KIM,CL4,010-5432-5432,19790101,PRO
SCH,92345678,REWQ LEE,CL4,010-9876-9876,19800202,PRO
SCH,93456789,VCXZ PARK,CL4,010-7654-7654,19810303,EX
SCH,93728322,QSJYRB HONG,CL4,010-3602-4064,19900603,ADV
SCH,94567890,LKJH CHOI,CL4,010-6543-6543,19820404,EX
MOD,2
SCH,93728322,QSJYRB HONG,CL2,010-3602-4064,19900603,ADV
SCH,01234567,ASDF LEE,CL2,010-1234-1234,19890123,ADV
DEL,NONE
DEL,94526445,XYZXYZ LEE,CL4,010-7975-9766,19721111,PRO
DEL,93728322,QSJYRB HONG,CL2,010-3602-4064,19900603,ADV
DEL,02712462,UAFBOWU HONG,CL4,010-9054-6560,19780825,PRO
SCH,NONE
DEL,03717863,NSESFBLRK KIM,CL4,010-4108-4007,19770502,ADV
DEL,01234567,ASDF LEE,CL2,010-1234-1234,19890123,ADV
SCH,NONE
