SCH,34000001,CERTIPRO BABY,CL2,010-5555-1112,20001001,PRO
SCH,35000001,CERTIPRO BABY,CL2,010-5555-1113,20021001,PRO
SCH,39000001,CERTIPRO BABY,CL2,010-5555-1114,20031001,PRO
SCH,40000001,CERTIPRO BABY,CL2,010-5555-1115,20041001,PRO
SCH,41000001,CERTIPRO BABY,CL2,010-5555-1116,20051001,PRO
