SCH,00000001,DICTIONARY A,CL2,010-3333-1111,19980301,ADV
