SCH,05000001,EF B,CL2,010-6666-3333,19921111,PRO
SCH,11000001,F C,CL3,010-7777-4444,20010101,PRO
SCH,13000001,F D,CL3,010-7777-5555,20010311,EX
SCH,15000001,F E,CL3,010-7777-6666,20010521,EX
SCH,17000001,F F,CL4,010-7777-7777,20010731,EX