SCH,95000001,A A,CL1,010-1111-1111,19001111,ADV
SCH,98000001,B A,CL1,010-2222-1111,19501111,ADV
SCH,99000001,C A,CL1,010-3333-1111,19921111,ADV
SCH,01000001,D B,CL2,010-4444-1111,19921111,PRO
SCH,03000001,E B,CL2,010-5555-2222,19921111,PRO