DEL,11000001,F C,CL3,010-7777-4444,20010101,PRO
DEL,13000001,F D,CL3,010-7777-5555,20010311,EX
DEL,15000001,F E,CL3,010-7777-6666,20010521,EX
SCH,18000001,E E,CL3,010-7777-6666,20010521,EX
