MOD,3
SCH,95000001,A A,CL1,010-0000-0000,19001111,ADV
SCH,98000001,B A,CL1,010-0000-0000,19501111,ADV
SCH,99000001,C A,CL1,010-0000-0000,19921111,ADV
