MOD,11000001,F C,CL3,010-7777-4444,20010101,PRO
SCH,11000001,Z Z,CL3,010-7777-4444,20010101,PRO
