SCH,03000001,E B,CL2,010-5555-2222,19921111,PRO
SCH,05000001,EF B,CL2,010-6666-3333,19921111,PRO
SCH,11000001,F C,CL3,010-7777-4444,20010101,PRO
SCH,13000001,F D,CL3,010-7777-5555,20010311,EX
SCH,15000001,F E,CL3,010-7777-6666,20010521,EX